// Jest Snapshot v1, https://goo.gl/fbAQLP

exports[`Cloud Cost Manager CloudFront Snapshot CloudFront 1`] = `
Object {
  "Parameters": Object {
    "BootstrapVersion": Object {
      "Default": "/cdk-bootstrap/hnb659fds/version",
      "Description": "Version of the CDK Bootstrap resources in this environment, automatically retrieved from SSM Parameter Store. [cdk:skip]",
      "Type": "AWS::SSM::Parameter::Value<String>",
    },
  },
  "Resources": Object {
    "TestBucket560B80BC": Object {
      "DeletionPolicy": "Retain",
      "Properties": Object {
        "Tags": Array [
          Object {
            "Key": "cloud-cost-manager:customer-name",
            "Value": "acme-co",
          },
          Object {
            "Key": "cloud-cost-manager:env-name",
            "Value": "staging",
          },
        ],
      },
      "Type": "AWS::S3::Bucket",
      "UpdateReplacePolicy": "Retain",
    },
    "TestBucketPolicyBA12ED38": Object {
      "Properties": Object {
        "Bucket": Object {
          "Ref": "TestBucket560B80BC",
        },
        "PolicyDocument": Object {
          "Statement": Array [
            Object {
              "Action": "s3:GetObject",
              "Effect": "Allow",
              "Principal": Object {
                "CanonicalUser": Object {
                  "Fn::GetAtt": Array [
                    "TestDistroOrigin1S3Origin20F9517B",
                    "S3CanonicalUserId",
                  ],
                },
              },
              "Resource": Object {
                "Fn::Join": Array [
                  "",
                  Array [
                    Object {
                      "Fn::GetAtt": Array [
                        "TestBucket560B80BC",
                        "Arn",
                      ],
                    },
                    "/*",
                  ],
                ],
              },
            },
          ],
          "Version": "2012-10-17",
        },
      },
      "Type": "AWS::S3::BucketPolicy",
    },
    "TestDistro62817917": Object {
      "Properties": Object {
        "DistributionConfig": Object {
          "DefaultCacheBehavior": Object {
            "CachePolicyId": "658327ea-f89d-4fab-a63d-7e88639e58f6",
            "Compress": true,
            "LambdaFunctionAssociations": Array [
              Object {
                "EventType": "viewer-request",
                "LambdaFunctionARN": "arn:aws:lambda:us-east-1:123456789012:function:functionName:1",
              },
            ],
            "TargetOriginId": "testTestDistroOrigin11604225C",
            "ViewerProtocolPolicy": "allow-all",
          },
          "Enabled": true,
          "HttpVersion": "http2",
          "IPV6Enabled": true,
          "Origins": Array [
            Object {
              "DomainName": Object {
                "Fn::GetAtt": Array [
                  "TestBucket560B80BC",
                  "RegionalDomainName",
                ],
              },
              "Id": "testTestDistroOrigin11604225C",
              "S3OriginConfig": Object {
                "OriginAccessIdentity": Object {
                  "Fn::Join": Array [
                    "",
                    Array [
                      "origin-access-identity/cloudfront/",
                      Object {
                        "Ref": "TestDistroOrigin1S3Origin20F9517B",
                      },
                    ],
                  ],
                },
              },
            },
          ],
          "ViewerCertificate": Object {
            "MinimumProtocolVersion": "TLSv1.2_2021",
          },
        },
        "Tags": Array [
          Object {
            "Key": "cloud-cost-manager:check:cloudfront",
            "Value": "pass",
          },
          Object {
            "Key": "cloud-cost-manager:customer-name",
            "Value": "acme-co",
          },
          Object {
            "Key": "cloud-cost-manager:env-name",
            "Value": "staging",
          },
        ],
      },
      "Type": "AWS::CloudFront::Distribution",
    },
    "TestDistroOrigin1S3Origin20F9517B": Object {
      "Properties": Object {
        "CloudFrontOriginAccessIdentityConfig": Object {
          "Comment": "Identity for testTestDistroOrigin11604225C",
        },
      },
      "Type": "AWS::CloudFront::CloudFrontOriginAccessIdentity",
    },
  },
  "Rules": Object {
    "CheckBootstrapVersion": Object {
      "Assertions": Array [
        Object {
          "Assert": Object {
            "Fn::Not": Array [
              Object {
                "Fn::Contains": Array [
                  Array [
                    "1",
                    "2",
                    "3",
                    "4",
                    "5",
                  ],
                  Object {
                    "Ref": "BootstrapVersion",
                  },
                ],
              },
            ],
          },
          "AssertDescription": "CDK bootstrap stack version 6 required. Please run 'cdk bootstrap' with a recent version of the CDK CLI.",
        },
      ],
    },
  },
}
`;
